// Jest Snapshot v1, https://goo.gl/fbAQLP

exports[`IdsInput Component renders correctly 1`] = `"<ids-input id=\\"ids-input-3\\" type=\\"text\\"></ids-input>"`;
