<a class="ids-hyperlink hide-focus" href="http://www.example.com" target="_blank" part="link">
        <slot></slot>
    </a>