// Jest Snapshot v1, https://goo.gl/fbAQLP

exports[`IdsCard Component renders correctly 1`] = `
"<ids-card><div slot=\\"card-header\\">
            <ids-text font-size=\\"20\\" type=\\"h2\\">Card Title Two</ids-text>
          </div>
          <div slot=\\"card-content\\">
          </div></ids-card>"
`;
