// Jest Snapshot v1, https://goo.gl/fbAQLP

exports[`IdsTooltip Component renders correctly 1`] = `
"<ids-popup part=\\"popup\\" id=\\"ids-tooltip\\" align=\\"center\\" position-style=\\"absolute\\">
        <div class=\\"ids-tooltip\\" slot=\\"content\\" part=\\"tooltip\\">
          <slot></slot>
        </div>
        </ids-popup>
      "
`;
