<div class="ids-tree" part="tree" role="tree" aria-label="Tree Demo">
      <slot></slot>
    </div>