
      <ids-toolbar class="ids-masthead" tabbable="true" role="toolbar">
        <ids-toolbar-section id="start" align="start" type="fluid">
          <span id="logo-wrapper">
        <ids-button id="logo" class="icon-logo" color-variant="alternate" square="true">
          <ids-icon icon="logo" viewbox="0 0 32 34" width="32" height="32" style="--ids-icon-height-default: 32px; --ids-icon-width-default: 32px;"></ids-icon>
          <ids-text audible="true">Masthead logo</ids-text>
        </ids-button>
      </span>
          <ids-text id="title" color-variant="alternate" font-size="14" font-weight="semi-bold">Infor Application</ids-text>
          <slot name="start"></slot>
        </ids-toolbar-section>

        <ids-toolbar-section id="center" align="center" type="fluid">
          <slot name="center"></slot>
        </ids-toolbar-section>

        <ids-toolbar-section id="end" align="end" type="fluid">
          <slot name="end"></slot>
        </ids-toolbar-section>

        <ids-toolbar-more-actions id="more" icon="expand-app-tray" class="hidden"><ids-menu-button tooltip="More" id="more-actions" menu="more-actions-menu" aria-controls="more-actions-menu" aria-haspopup="menu" color-variant="alternate" type="button" hidden="" disabled="">
        <ids-icon icon="expand-app-tray"></ids-icon>
        <span class="audible">More Actions Button</span>
      </ids-menu-button>
      <ids-popup-menu id="more-actions-menu" target="#more-actions" trigger-type="click" hidden="" disabled=""></ids-popup-menu>
          <slot name="more"></slot>
        </ids-toolbar-more-actions>
      </ids-toolbar>
    