<ids-switch label="Allow notifications"></ids-switch>