<ids-editor id="editor-demo" label="Ids Editor">
  <ids-toolbar slot="toolbar" type="formatter" role="toolbar">
    <ids-toolbar-section type="buttonset" toolbar-type="formatter">
      <ids-menu-button editor-action="formatblock" id="btn-formatblock-1" role="button" menu="menu-formatblock-1" tooltip="Choose Font Style" formatter-width="125px" dropdown-icon="dropdown" no-padding="true" trigger-type="click" color-variant="alternate-formatter" aria-controls="menu-formatblock-1" aria-haspopup="menu">
        <span>Normal Text</span>
      </ids-menu-button>
      <ids-popup-menu id="menu-formatblock-1" target="#btn-formatblock-1" hidden="">
        <ids-menu-group role="group" aria-label="Menu group containing 4 item(s)">
          <ids-menu-item value="p" selected="true"><ids-text>Normal Text</ids-text></ids-menu-item>
          <ids-menu-item value="h1"><ids-text font-size="28">Header 1</ids-text></ids-menu-item>
          <ids-menu-item value="h2"><ids-text font-size="24">Header 2</ids-text></ids-menu-item>
          <ids-menu-item value="h3"><ids-text font-size="20">Header 3</ids-text></ids-menu-item>
        </ids-menu-group>
      </ids-popup-menu>
      <ids-separator vertical="true"></ids-separator>
      <ids-button editor-action="bold" tooltip="Toggle Bold Text" color-variant="alternate-formatter">
        <span class="audible">Bold</span>
        <ids-icon icon="bold"></ids-icon>
      </ids-button>
      <ids-button editor-action="italic" tooltip="Toggle Italic Text" color-variant="alternate-formatter">
        <span class="audible">Italic</span>
        <ids-icon icon="italic"></ids-icon>
      </ids-button>
      <ids-button editor-action="underline" tooltip="Toggle Underline Text" color-variant="alternate-formatter">
        <span class="audible">Underline</span>
        <ids-icon icon="underline"></ids-icon>
      </ids-button>
      <ids-button editor-action="strikethrough" tooltip="Toggle Strike Through Text" color-variant="alternate-formatter">
        <span class="audible">Strike through</span>
        <ids-icon icon="strike-through"></ids-icon>
      </ids-button>
      <ids-separator vertical="true"></ids-separator>
      <ids-button editor-action="forecolor" tooltip="Text Color" color-variant="alternate-formatter">
        <span class="audible">Text color</span>
        <ids-icon icon="fore-color" class="editor-forecolor"></ids-icon>
      <input type="color" aria-label="Text Color" class="forecolor-input" style="border: 0px; padding: 0px; margin: 0px; height: 100%; width: 100%; opacity: 0; position: absolute; top: 0px; left: 0px;"></ids-button>
      <ids-separator vertical="true"></ids-separator>
      <ids-button editor-action="alignleft" tooltip="Align Left" color-variant="alternate-formatter">
        <span class="audible">Align left</span>
        <ids-icon icon="left-text-align"></ids-icon>
      </ids-button>
      <ids-button editor-action="aligncenter" tooltip="Align Center" color-variant="alternate-formatter">
        <span class="audible">Align center</span>
        <ids-icon icon="center-text"></ids-icon>
      </ids-button>
      <ids-button editor-action="alignright" tooltip="Align Right" color-variant="alternate-formatter">
        <span class="audible">Align right</span>
        <ids-icon icon="right-text-align"></ids-icon>
      </ids-button>
      <ids-separator vertical="true"></ids-separator>
      <ids-button editor-action="blockquote" tooltip="Block Quote" color-variant="alternate-formatter">
        <span class="audible">Block quote</span>
        <ids-icon icon="quote"></ids-icon>
      </ids-button>
      <ids-button editor-action="orderedlist" tooltip="Insert/Remove Numbered List" color-variant="alternate-formatter">
        <span class="audible">Ordered List</span>
        <ids-icon icon="number-list"></ids-icon>
      </ids-button>
      <ids-button editor-action="unorderedlist" tooltip="Insert/Remove Bulleted List" color-variant="alternate-formatter">
        <span class="audible">Unordered List</span>
        <ids-icon icon="bullet-list"></ids-icon>
      </ids-button>
      <ids-separator vertical="true"></ids-separator>
      <ids-button editor-action="hyperlink" tooltip="Insert Hyperlink" color-variant="alternate-formatter">
        <span class="audible">Insert Hyperlink</span>
        <ids-icon icon="link"></ids-icon>
      </ids-button>
      <ids-button editor-action="insertimage" tooltip="Insert Image" color-variant="alternate-formatter">
        <span class="audible">Insert Image</span>
        <ids-icon icon="insert-image"></ids-icon>
      </ids-button>
      <ids-separator vertical="true"></ids-separator>
      <ids-button editor-action="clearformatting" tooltip="Clear Formatting" color-variant="alternate-formatter">
        <span class="audible">Clear Formatting</span>
        <ids-icon icon="clear-formatting"></ids-icon>
      </ids-button>
      <ids-separator vertical="true"></ids-separator>
      
  <ids-button editor-action="sourcemode" tooltip="View Source" color-variant="alternate-formatter">
    <span class="audible">View Source</span>
    <ids-icon icon="html" width="50" viewbox="0 0 35 18" style="--ids-icon-width-default: 50px;"></ids-icon>
  </ids-button>
      
  <ids-button editor-action="editormode" tooltip="View Visual" color-variant="alternate-formatter" hidden="">
    <span class="audible">View Visual</span>
    <ids-icon icon="visual" width="50" viewbox="0 0 43 18" style="--ids-icon-width-default: 50px;"></ids-icon>
  </ids-button>
    </ids-toolbar-section>
    <ids-toolbar-more-actions overflow="" color-variant="alternate-formatter" toolbar-type="formatter"><ids-menu-button tooltip="More" id="more-actions" menu="more-actions-menu" aria-controls="more-actions-menu" color-variant="alternate-formatter" aria-haspopup="menu" hidden="">
        <ids-icon icon="more"></ids-icon>
        <span class="audible">More Actions Button</span>
      </ids-menu-button>
      <ids-popup-menu id="more-actions-menu" target="#more-actions" trigger-type="click" hidden=""><ids-menu-group more-actions="" role="group" aria-label="Menu group containing 18 item(s)">
      <ids-menu-item hidden="">
      Normal Text
      <ids-popup-menu slot="submenu" aria-expanded="false" hidden="">
          <ids-menu-group role="group" aria-label="Menu group containing 4 item(s)">
            <ids-menu-item>
      Normal Text
      
    </ids-menu-item><ids-menu-item>
      Header 1
      
    </ids-menu-item><ids-menu-item>
      Header 2
      
    </ids-menu-item><ids-menu-item>
      Header 3
      
    </ids-menu-item>
          </ids-menu-group>
        </ids-popup-menu>
    </ids-menu-item><ids-menu-item icon="bold" hidden=""><ids-icon slot="icon" icon="bold" part="icon" class="ids-icon ids-menu-item-display-icon"></ids-icon>
      Bold
      
    </ids-menu-item><ids-menu-item icon="italic" hidden=""><ids-icon slot="icon" icon="italic" part="icon" class="ids-icon ids-menu-item-display-icon"></ids-icon>
      Italic
      
    </ids-menu-item><ids-menu-item icon="underline" hidden=""><ids-icon slot="icon" icon="underline" part="icon" class="ids-icon ids-menu-item-display-icon"></ids-icon>
      Underline
      
    </ids-menu-item><ids-menu-item icon="strike-through" hidden=""><ids-icon slot="icon" icon="strike-through" part="icon" class="ids-icon ids-menu-item-display-icon"></ids-icon>
      Strike through
      
    </ids-menu-item><ids-menu-item icon="fore-color" hidden=""><ids-icon slot="icon" icon="fore-color" part="icon" class="ids-icon ids-menu-item-display-icon"></ids-icon>
      Text color
      
    </ids-menu-item><ids-menu-item icon="left-text-align" hidden=""><ids-icon slot="icon" icon="left-text-align" part="icon" class="ids-icon ids-menu-item-display-icon"></ids-icon>
      Align left
      
    </ids-menu-item><ids-menu-item icon="center-text" hidden=""><ids-icon slot="icon" icon="center-text" part="icon" class="ids-icon ids-menu-item-display-icon"></ids-icon>
      Align center
      
    </ids-menu-item><ids-menu-item icon="right-text-align" hidden=""><ids-icon slot="icon" icon="right-text-align" part="icon" class="ids-icon ids-menu-item-display-icon"></ids-icon>
      Align right
      
    </ids-menu-item><ids-menu-item icon="quote" hidden=""><ids-icon slot="icon" icon="quote" part="icon" class="ids-icon ids-menu-item-display-icon"></ids-icon>
      Block quote
      
    </ids-menu-item><ids-menu-item icon="number-list" hidden=""><ids-icon slot="icon" icon="number-list" part="icon" class="ids-icon ids-menu-item-display-icon"></ids-icon>
      Ordered List
      
    </ids-menu-item><ids-menu-item icon="bullet-list" hidden=""><ids-icon slot="icon" icon="bullet-list" part="icon" class="ids-icon ids-menu-item-display-icon"></ids-icon>
      Unordered List
      
    </ids-menu-item><ids-menu-item icon="link" hidden=""><ids-icon slot="icon" icon="link" part="icon" class="ids-icon ids-menu-item-display-icon"></ids-icon>
      Insert Hyperlink
      
    </ids-menu-item><ids-menu-item icon="insert-image" hidden=""><ids-icon slot="icon" icon="insert-image" part="icon" class="ids-icon ids-menu-item-display-icon"></ids-icon>
      Insert Image
      
    </ids-menu-item><ids-menu-item icon="clear-formatting" hidden=""><ids-icon slot="icon" icon="clear-formatting" part="icon" class="ids-icon ids-menu-item-display-icon"></ids-icon>
      Clear Formatting
      
    </ids-menu-item><ids-menu-item icon="html" viewbox="0 0 35 18" hidden=""><ids-icon slot="icon" icon="html" viewbox="0 0 35 18" part="icon" class="ids-icon ids-menu-item-display-icon"></ids-icon>
      View Source
      
    </ids-menu-item><ids-menu-item icon="visual" viewbox="0 0 43 18" hidden=""><ids-icon slot="icon" icon="visual" viewbox="0 0 43 18" part="icon" class="ids-icon ids-menu-item-display-icon"></ids-icon>
      View Visual
      
    </ids-menu-item><ids-menu-item icon="more" hidden=""><ids-icon slot="icon" icon="more" part="icon" class="ids-icon ids-menu-item-display-icon"></ids-icon>
      More Actions Button
      <ids-popup-menu slot="submenu" aria-expanded="false" hidden="">
          <ids-menu-group role="group" aria-label="Menu group containing 0 item(s)">
            
          </ids-menu-group>
        </ids-popup-menu>
    </ids-menu-item>
    </ids-menu-group></ids-popup-menu></ids-toolbar-more-actions>
  </ids-toolbar>
          
          
        <div contenteditable="true" slot="editor-slot" id="editor-container" placeholder=""><p style="margin-block-start: 0px;">Embrace <a href="http://en.wikipedia.org/wiki/e-commerce" class="hyperlink" style="color: var(--ids-editor-link-color-text-link);">e-commerce action-items</a>,
            reintermediate, ecologies paradigms wireless share life-hacks create innovative harness. Evolve solutions
            rich-clientAPIs synergies harness relationships virtual vertical facilitate end-to-end, wireless, evolve
            synergistic synergies.</p><p>Cross-platform, evolve, ROI scale cultivate eyeballs addelivery, e-services content cross-platform leverage
            extensible viral incentivize integrateAJAX-enabled sticky evolve magnetic cultivate leverage; cutting-edge.
            Innovate, end-to-end podcasting, whiteboard streamline e-business social; compelling, "cross-media exploit
            infomediaries innovative integrate integrateAJAX-enabled." Killer interactive reinvent, cultivate widgets leverage
            morph.</p></div></ids-editor>