
    <div class="ids-dropdown field-height-md" part="container" list="#dropdownList-dropdown-1" tooltip="California">
      <ids-trigger-field id="triggerField-dropdown-1" readonly="true" readonly-background="true" size="md" label="Normal Dropdown with Dirty Tracker" part="trigger-field" exportparts="container: triggerfield-container, field-container: triggerfield-field-container, content-area: triggerfield-content-area, input: triggerfield-input, popup: triggerfield-popup" field-height="md" value="California">
        <ids-trigger-button class="ids-trigger-field-slot-trigger-end md" id="triggerBtn-dropdown-1" slot="trigger-end" part="trigger-button" field-height="md">
          <ids-text audible="true" translate-text="true" translation-key="DropdownTriggerButton">Click to open dropdown</ids-text>
          <ids-icon icon="dropdown" part="icon"></ids-icon>
        </ids-trigger-button>
      </ids-trigger-field>
      <ids-dropdown-list id="dropdownList-dropdown-1" field-height="md" size="md" value="ca" tabindex="-1" target="#triggerField-dropdown-1-internal" trigger-elem="#triggerBtn-dropdown-1">
      <slot></slot>
    </ids-dropdown-list>
    </div>