// Jest Snapshot v1, https://goo.gl/fbAQLP

exports[`IdsAccordion Component renders correctly 1`] = `
"<ids-accordion language=\\"en\\" locale=\\"en-US\\">
    <ids-accordion-panel id=\\"p1\\" language=\\"en\\" locale=\\"en-US\\">
      <ids-accordion-header id=\\"h1\\" slot=\\"header\\" aria-expanded=\\"false\\" language=\\"undefined\\" locale=\\"en-US\\">
        <ids-text>Header 1</ids-text>
      </ids-accordion-header>
    </ids-accordion-panel>
    <ids-accordion-panel id=\\"p2\\" language=\\"en\\" locale=\\"en-US\\">
      <ids-accordion-header id=\\"h2\\" slot=\\"header\\" aria-expanded=\\"false\\" language=\\"undefined\\" locale=\\"en-US\\">
        <ids-text>Header 2</ids-text>
      </ids-accordion-header>
    </ids-accordion-panel>
    <ids-accordion-panel id=\\"p3\\" language=\\"en\\" locale=\\"en-US\\">
      <ids-accordion-header id=\\"h3\\" slot=\\"header\\" aria-expanded=\\"false\\" language=\\"undefined\\" locale=\\"en-US\\">
        <ids-text>Header 3</ids-text>
      </ids-accordion-header>
    </ids-accordion-panel>
  </ids-accordion>"
`;

exports[`IdsAccordion Component renders correctly 2`] = `
"<ids-accordion language=\\"en\\" locale=\\"en-US\\">
    <ids-accordion-panel id=\\"p1\\" language=\\"en\\" locale=\\"en-US\\" expanded=\\"true\\">
      <ids-accordion-header id=\\"h1\\" slot=\\"header\\" aria-expanded=\\"true\\" language=\\"undefined\\" locale=\\"en-US\\">
        <ids-text>Header 1</ids-text>
      </ids-accordion-header>
    </ids-accordion-panel>
    <ids-accordion-panel id=\\"p2\\" language=\\"en\\" locale=\\"en-US\\">
      <ids-accordion-header id=\\"h2\\" slot=\\"header\\" aria-expanded=\\"false\\" language=\\"undefined\\" locale=\\"en-US\\">
        <ids-text>Header 2</ids-text>
      </ids-accordion-header>
    </ids-accordion-panel>
    <ids-accordion-panel id=\\"p3\\" language=\\"en\\" locale=\\"en-US\\">
      <ids-accordion-header id=\\"h3\\" slot=\\"header\\" aria-expanded=\\"false\\" language=\\"undefined\\" locale=\\"en-US\\">
        <ids-text>Header 3</ids-text>
      </ids-accordion-header>
    </ids-accordion-panel>
  </ids-accordion>"
`;

exports[`IdsAccordion Component renders correctly 3`] = `
"<ids-accordion language=\\"en\\" locale=\\"en-US\\">
    <ids-accordion-panel id=\\"p1\\" language=\\"en\\" locale=\\"en-US\\">
      <ids-accordion-header id=\\"h1\\" slot=\\"header\\" aria-expanded=\\"false\\" language=\\"undefined\\" locale=\\"en-US\\">
        <ids-text>Header 1</ids-text>
      </ids-accordion-header>
    </ids-accordion-panel>
    <ids-accordion-panel id=\\"p2\\" language=\\"en\\" locale=\\"en-US\\">
      <ids-accordion-header id=\\"h2\\" slot=\\"header\\" aria-expanded=\\"false\\" language=\\"undefined\\" locale=\\"en-US\\">
        <ids-text>Header 2</ids-text>
      </ids-accordion-header>
    </ids-accordion-panel>
    <ids-accordion-panel id=\\"p3\\" language=\\"en\\" locale=\\"en-US\\">
      <ids-accordion-header id=\\"h3\\" slot=\\"header\\" aria-expanded=\\"false\\" language=\\"undefined\\" locale=\\"en-US\\">
        <ids-text>Header 3</ids-text>
      </ids-accordion-header>
    </ids-accordion-panel>
  </ids-accordion>"
`;
