// Jest Snapshot v1, https://goo.gl/fbAQLP

exports[`Ids Error Page Tests renders correctly 1`] = `
"<ids-overlay></ids-overlay><style nonce="0a59a005">:host { background-color: transparent; }</style><ids-popup part="modal" class="ids-modal ids-error can-fullsize" type="modal" position-style="viewport" align="center" animated="" animation-style="scale-in">
      <div class="ids-modal-container" slot="content">
        <ids-empty-message icon="empty-error-loading">
          <ids-text type="h2" font-size="24" font-weight="bold" label="true" slot="label">
          Add Label
          </ids-text>
          <ids-text label="true" slot="description">
            Add Description
          </ids-text>
          <ids-button class="action-button" slot="button" appearance="primary">
            <span>Action</span>
          </ids-button>
        </ids-empty-message>
      </div>
    </ids-popup>"
`;
