
      <span class="text-ellipsis">
        <ids-icon icon="" size="large" badge-color="#FF00FF" badge-position="top-left"></ids-icon><span></span>
      </span>
    