<ids-virtual-scroll height="100dvh" id="virtual-scroll-1" item-height="20" buffer-size="3" item-count="1000" scroll-top="0" style="height: calc(-150px + 100dvh);">
                <div class="ids-list-view-container">
                  <div class="ids-list-view" part="contents"><div part="list-item">Steampan Lid</div><div part="list-item">Coconut - Creamed, Pure</div><div part="list-item">Onions - Red</div><div part="list-item">Pasta - Fusili Tri - Coloured</div><div part="list-item">Bread - Crumbs, Bulk</div><div part="list-item">Apple - Royal Gala</div><div part="list-item">Syrup - Monin, Swiss Chocolate</div><div part="list-item">Scallop - St. Jaques</div><div part="list-item">Wiberg Cure</div><div part="list-item">Beef - Ground, Extra Lean, Fresh</div><div part="list-item">Rappini - Andy Boy</div><div part="list-item">Fib N9 - Prague Powder</div><div part="list-item">Buttons</div><div part="list-item">Pepper - Cubanelle</div><div part="list-item">Grapes - Green</div><div part="list-item">Pork - Chop, Frenched</div><div part="list-item">Mace Ground</div><div part="list-item">Orange - Blood</div><div part="list-item">Cheese - Goat</div><div part="list-item">Bagelers - Cinn / Brown</div><div part="list-item">Magnotta - Bel Paese White</div><div part="list-item">Appetizer - Lobster Phyllo Roll</div><div part="list-item">Steampan - Half Size Shallow</div><div part="list-item">Bread - Hamburger Buns</div><div part="list-item">Flour - Teff</div><div part="list-item">Olives - Morracan Dired</div><div part="list-item">Cake Slab</div><div part="list-item">Vinegar - Champagne</div><div part="list-item">Steampan - Half Size Shallow</div><div part="list-item">Pineapple - Golden</div><div part="list-item">Ice Cream - Fudge Bars</div><div part="list-item">Calaloo</div><div part="list-item">Wooden Mop Handle</div><div part="list-item">Beef - Kobe Striploin</div><div part="list-item">Appetizer - Mango Chevre</div></div>
                </div>
              </ids-virtual-scroll>