<ids-multiselect id="dropdown-1" label="Multiselect (with max 3 choices and dirty tracker)" max="3" dirty-tracker="true" role="combobox" aria-expanded="false" aria-autocomplete="list" aria-haspopup="listbox" aria-controls="ids-list-box-dropdown-1">
          <ids-list-box role="listbox" size="md" id="ids-list-box-dropdown-1" aria-label="Listbox"><ids-list-box-option id="ca1" value="ca" tooltip="The State of California" selected="true" role="option" tabindex="-1" row-index="4" class="multiselect-option"><ids-checkbox label="California" checked="" no-margin="" class="justify-center multiselect-checkbox"></ids-checkbox></ids-list-box-option><ids-list-box-option id="nj1" value="nj" tooltip="The State of New Jersey" selected="true" role="option" tabindex="-1" row-index="6" class="multiselect-option last-selected"><ids-checkbox label="New Jersey" checked="" no-margin="" class="justify-center multiselect-checkbox"></ids-checkbox></ids-list-box-option><ids-list-box-option id="al1" value="al" tooltip="The State of Alabama" role="option" tabindex="-1" row-index="0" class="multiselect-option"><ids-checkbox label="Alabama" no-margin="" class="justify-center multiselect-checkbox"></ids-checkbox></ids-list-box-option><ids-list-box-option id="ak1" value="ak" tooltip="The State of Alaska" role="option" tabindex="-1" row-index="1" class="multiselect-option"><ids-checkbox label="Alaska" no-margin="" class="justify-center multiselect-checkbox"></ids-checkbox></ids-list-box-option><ids-list-box-option id="az1" value="az" tooltip="The State of Arizona" role="option" tabindex="-1" row-index="2" class="multiselect-option"><ids-checkbox label="Arizona" no-margin="" class="justify-center multiselect-checkbox"></ids-checkbox></ids-list-box-option><ids-list-box-option id="ar1" value="ar" tooltip="The State of Arkansas" role="option" tabindex="-1" row-index="3" class="multiselect-option"><ids-checkbox label="Arkansas" no-margin="" class="justify-center multiselect-checkbox"></ids-checkbox></ids-list-box-option><ids-list-box-option id="co1" value="co" tooltip="The State of Colorado" role="option" tabindex="-1" row-index="5" class="multiselect-option"><ids-checkbox label="Colorado" no-margin="" class="justify-center multiselect-checkbox"></ids-checkbox></ids-list-box-option>
            
            
            
            
            
            
            
          </ids-list-box>
        </ids-multiselect>