// Jest Snapshot v1, https://goo.gl/fbAQLP

exports[`IdsDataGrid Component renders correctly 1`] = `
"<style nonce=\\"0a59a005\\">.ids-data-grid { background-color: transparent; }</style><div class=\\"ids-data-grid\\" role=\\"table\\" part=\\"table\\" aria-label=\\"Data Grid\\" data-row-height=\\"large\\" mode=\\"light\\" version=\\"new\\">
      <div class=\\"ids-data-grid-header\\" role=\\"rowgroup\\" part=\\"header\\"><div role=\\"row\\" class=\\"ids-data-grid-row\\"><span class=\\"ids-data-grid-header-cell\\" part=\\"header-cell\\" data-column-id=\\"selectionCheckbox\\" role=\\"columnheader\\">
      <span class=\\"ids-data-grid-header-text\\"></span>
      
    </span><span class=\\"ids-data-grid-header-cell is-sortable\\" part=\\"header-cell\\" data-column-id=\\"book\\" role=\\"columnheader\\">
      <span class=\\"ids-data-grid-header-text\\">Book</span>
      <div class=\\"sort-indicator\\">
      <ids-icon icon=\\"dropdown\\"></ids-icon>
      <ids-icon icon=\\"dropdown\\"></ids-icon>
    </div>
    </span><span class=\\"ids-data-grid-header-cell is-sortable\\" part=\\"header-cell\\" data-column-id=\\"description\\" role=\\"columnheader\\">
      <span class=\\"ids-data-grid-header-text\\">Description</span>
      <div class=\\"sort-indicator\\">
      <ids-icon icon=\\"dropdown\\"></ids-icon>
      <ids-icon icon=\\"dropdown\\"></ids-icon>
    </div>
    </span><span class=\\"ids-data-grid-header-cell\\" part=\\"header-cell\\" data-column-id=\\"ledger\\" role=\\"columnheader\\">
      <span class=\\"ids-data-grid-header-text\\">Ledger</span>
      
    </span><span class=\\"ids-data-grid-header-cell\\" part=\\"header-cell\\" data-column-id=\\"bookCurrency\\" role=\\"columnheader\\">
      <span class=\\"ids-data-grid-header-text\\">Book Currency</span>
      
    </span><span class=\\"ids-data-grid-header-cell\\" part=\\"header-cell\\" data-column-id=\\"transactionCurrency\\" role=\\"columnheader\\">
      <span class=\\"ids-data-grid-header-text\\">Transaction Currency</span>
      
    </span><span class=\\"ids-data-grid-header-cell\\" part=\\"header-cell\\" data-column-id=\\"postHistory\\" role=\\"columnheader\\">
      <span class=\\"ids-data-grid-header-text\\">Post History</span>
      
    </span><span class=\\"ids-data-grid-header-cell\\" part=\\"header-cell\\" data-column-id=\\"active\\" role=\\"columnheader\\">
      <span class=\\"ids-data-grid-header-text\\">Active</span>
      
    </span><span class=\\"ids-data-grid-header-cell\\" part=\\"header-cell\\" data-column-id=\\"convention\\" role=\\"columnheader\\">
      <span class=\\"ids-data-grid-header-text\\">Convention</span>
      
    </span><span class=\\"ids-data-grid-header-cell\\" part=\\"header-cell\\" data-column-id=\\"methodSwitch\\" role=\\"columnheader\\">
      <span class=\\"ids-data-grid-header-text\\">Method Switch</span>
      
    </span><span class=\\"ids-data-grid-header-cell\\" part=\\"header-cell\\" data-column-id=\\"trackDeprecationHistory\\" role=\\"columnheader\\">
      <span class=\\"ids-data-grid-header-text\\">Track Deprecation History</span>
      
    </span><span class=\\"ids-data-grid-header-cell\\" part=\\"header-cell\\" data-column-id=\\"useForEmployee\\" role=\\"columnheader\\">
      <span class=\\"ids-data-grid-header-text\\">Use For Employee</span>
      
    </span><span class=\\"ids-data-grid-header-cell\\" part=\\"header-cell\\" data-column-id=\\"deprecationHistory\\" role=\\"columnheader\\">
      <span class=\\"ids-data-grid-header-text\\">Deprecation History</span>
      
    </span></div></div>
      <div class=\\"ids-data-grid-container\\"><div class=\\"ids-data-grid-body\\" part=\\"body\\" role=\\"rowgroup\\"><div role=\\"row\\" part=\\"row\\" aria-rowindex=\\"1\\" class=\\"ids-data-grid-row\\"><span role=\\"cell\\" part=\\"cell\\" class=\\"ids-data-grid-cell\\" aria-colindex=\\"1\\" tabindex=\\"0\\"><span class=\\"text-ellipsis\\"></span></span><span role=\\"cell\\" part=\\"cell\\" class=\\"ids-data-grid-cell\\" aria-colindex=\\"2\\"><span class=\\"text-ellipsis\\">101</span></span><span role=\\"cell\\" part=\\"cell\\" class=\\"ids-data-grid-cell\\" aria-colindex=\\"3\\"><span class=\\"text-ellipsis\\">101</span></span><span role=\\"cell\\" part=\\"cell\\" class=\\"ids-data-grid-cell\\" aria-colindex=\\"4\\"><span class=\\"text-ellipsis\\"></span></span><span role=\\"cell\\" part=\\"cell\\" class=\\"ids-data-grid-cell\\" aria-colindex=\\"5\\"><span class=\\"text-ellipsis\\">USD</span></span><span role=\\"cell\\" part=\\"cell\\" class=\\"ids-data-grid-cell\\" aria-colindex=\\"6\\"><span class=\\"text-ellipsis\\">Book</span></span><span role=\\"cell\\" part=\\"cell\\" class=\\"ids-data-grid-cell\\" aria-colindex=\\"7\\"><span class=\\"text-ellipsis\\">No</span></span><span role=\\"cell\\" part=\\"cell\\" class=\\"ids-data-grid-cell\\" aria-colindex=\\"8\\"><span class=\\"text-ellipsis\\">Yes</span></span><span role=\\"cell\\" part=\\"cell\\" class=\\"ids-data-grid-cell\\" aria-colindex=\\"9\\"><span class=\\"text-ellipsis\\">Full Month</span></span><span role=\\"cell\\" part=\\"cell\\" class=\\"ids-data-grid-cell\\" aria-colindex=\\"10\\"><span class=\\"text-ellipsis\\">Yes</span></span><span role=\\"cell\\" part=\\"cell\\" class=\\"ids-data-grid-cell\\" aria-colindex=\\"11\\"><span class=\\"text-ellipsis\\">Yes</span></span><span role=\\"cell\\" part=\\"cell\\" class=\\"ids-data-grid-cell\\" aria-colindex=\\"12\\"><span class=\\"text-ellipsis\\">No</span></span><span role=\\"cell\\" part=\\"cell\\" class=\\"ids-data-grid-cell\\" aria-colindex=\\"13\\"><span class=\\"text-ellipsis\\">Asset Label</span></span></div><div role=\\"row\\" part=\\"row\\" aria-rowindex=\\"2\\" class=\\"ids-data-grid-row\\"><span role=\\"cell\\" part=\\"cell\\" class=\\"ids-data-grid-cell\\" aria-colindex=\\"1\\"><span class=\\"text-ellipsis\\"></span></span><span role=\\"cell\\" part=\\"cell\\" class=\\"ids-data-grid-cell\\" aria-colindex=\\"2\\"><span class=\\"text-ellipsis\\">102</span></span><span role=\\"cell\\" part=\\"cell\\" class=\\"ids-data-grid-cell\\" aria-colindex=\\"3\\"><span class=\\"text-ellipsis\\">102</span></span><span role=\\"cell\\" part=\\"cell\\" class=\\"ids-data-grid-cell\\" aria-colindex=\\"4\\"><span class=\\"text-ellipsis\\">CORE</span></span><span role=\\"cell\\" part=\\"cell\\" class=\\"ids-data-grid-cell\\" aria-colindex=\\"5\\"><span class=\\"text-ellipsis\\"></span></span><span role=\\"cell\\" part=\\"cell\\" class=\\"ids-data-grid-cell\\" aria-colindex=\\"6\\"><span class=\\"text-ellipsis\\">Book</span></span><span role=\\"cell\\" part=\\"cell\\" class=\\"ids-data-grid-cell\\" aria-colindex=\\"7\\"><span class=\\"text-ellipsis\\">No</span></span><span role=\\"cell\\" part=\\"cell\\" class=\\"ids-data-grid-cell\\" aria-colindex=\\"8\\"><span class=\\"text-ellipsis\\">Yes</span></span><span role=\\"cell\\" part=\\"cell\\" class=\\"ids-data-grid-cell\\" aria-colindex=\\"9\\"><span class=\\"text-ellipsis\\">Full Month</span></span><span role=\\"cell\\" part=\\"cell\\" class=\\"ids-data-grid-cell\\" aria-colindex=\\"10\\"><span class=\\"text-ellipsis\\">No</span></span><span role=\\"cell\\" part=\\"cell\\" class=\\"ids-data-grid-cell\\" aria-colindex=\\"11\\"><span class=\\"text-ellipsis\\">No</span></span><span role=\\"cell\\" part=\\"cell\\" class=\\"ids-data-grid-cell\\" aria-colindex=\\"12\\"><span class=\\"text-ellipsis\\">No</span></span><span role=\\"cell\\" part=\\"cell\\" class=\\"ids-data-grid-cell\\" aria-colindex=\\"13\\"><span class=\\"text-ellipsis\\">Asset Label</span></span></div><div role=\\"row\\" part=\\"row\\" aria-rowindex=\\"3\\" class=\\"ids-data-grid-row\\"><span role=\\"cell\\" part=\\"cell\\" class=\\"ids-data-grid-cell\\" aria-colindex=\\"1\\"><span class=\\"text-ellipsis\\"></span></span><span role=\\"cell\\" part=\\"cell\\" class=\\"ids-data-grid-cell\\" aria-colindex=\\"2\\"><span class=\\"text-ellipsis\\">103</span></span><span role=\\"cell\\" part=\\"cell\\" class=\\"ids-data-grid-cell\\" aria-colindex=\\"3\\"><span class=\\"text-ellipsis\\">103</span></span><span role=\\"cell\\" part=\\"cell\\" class=\\"ids-data-grid-cell\\" aria-colindex=\\"4\\"><span class=\\"text-ellipsis\\">CORE</span></span><span role=\\"cell\\" part=\\"cell\\" class=\\"ids-data-grid-cell\\" aria-colindex=\\"5\\"><span class=\\"text-ellipsis\\"></span></span><span role=\\"cell\\" part=\\"cell\\" class=\\"ids-data-grid-cell\\" aria-colindex=\\"6\\"><span class=\\"text-ellipsis\\">Book</span></span><span role=\\"cell\\" part=\\"cell\\" class=\\"ids-data-grid-cell\\" aria-colindex=\\"7\\"><span class=\\"text-ellipsis\\">No</span></span><span role=\\"cell\\" part=\\"cell\\" class=\\"ids-data-grid-cell\\" aria-colindex=\\"8\\"><span class=\\"text-ellipsis\\">Yes</span></span><span role=\\"cell\\" part=\\"cell\\" class=\\"ids-data-grid-cell\\" aria-colindex=\\"9\\"><span class=\\"text-ellipsis\\">Full Month</span></span><span role=\\"cell\\" part=\\"cell\\" class=\\"ids-data-grid-cell\\" aria-colindex=\\"10\\"><span class=\\"text-ellipsis\\">Yes</span></span><span role=\\"cell\\" part=\\"cell\\" class=\\"ids-data-grid-cell\\" aria-colindex=\\"11\\"><span class=\\"text-ellipsis\\">No</span></span><span role=\\"cell\\" part=\\"cell\\" class=\\"ids-data-grid-cell\\" aria-colindex=\\"12\\"><span class=\\"text-ellipsis\\">Yes</span></span><span role=\\"cell\\" part=\\"cell\\" class=\\"ids-data-grid-cell\\" aria-colindex=\\"13\\"><span class=\\"text-ellipsis\\">Asset Label</span></span></div><div role=\\"row\\" part=\\"row\\" aria-rowindex=\\"4\\" class=\\"ids-data-grid-row\\"><span role=\\"cell\\" part=\\"cell\\" class=\\"ids-data-grid-cell\\" aria-colindex=\\"1\\"><span class=\\"text-ellipsis\\"></span></span><span role=\\"cell\\" part=\\"cell\\" class=\\"ids-data-grid-cell\\" aria-colindex=\\"2\\"><span class=\\"text-ellipsis\\">104</span></span><span role=\\"cell\\" part=\\"cell\\" class=\\"ids-data-grid-cell\\" aria-colindex=\\"3\\"><span class=\\"text-ellipsis\\">104</span></span><span role=\\"cell\\" part=\\"cell\\" class=\\"ids-data-grid-cell\\" aria-colindex=\\"4\\"><span class=\\"text-ellipsis\\">CORE</span></span><span role=\\"cell\\" part=\\"cell\\" class=\\"ids-data-grid-cell\\" aria-colindex=\\"5\\"><span class=\\"text-ellipsis\\">USD</span></span><span role=\\"cell\\" part=\\"cell\\" class=\\"ids-data-grid-cell\\" aria-colindex=\\"6\\"><span class=\\"text-ellipsis\\">Book</span></span><span role=\\"cell\\" part=\\"cell\\" class=\\"ids-data-grid-cell\\" aria-colindex=\\"7\\"><span class=\\"text-ellipsis\\">No</span></span><span role=\\"cell\\" part=\\"cell\\" class=\\"ids-data-grid-cell\\" aria-colindex=\\"8\\"><span class=\\"text-ellipsis\\">No</span></span><span role=\\"cell\\" part=\\"cell\\" class=\\"ids-data-grid-cell\\" aria-colindex=\\"9\\"><span class=\\"text-ellipsis\\">Full Month</span></span><span role=\\"cell\\" part=\\"cell\\" class=\\"ids-data-grid-cell\\" aria-colindex=\\"10\\"><span class=\\"text-ellipsis\\">No</span></span><span role=\\"cell\\" part=\\"cell\\" class=\\"ids-data-grid-cell\\" aria-colindex=\\"11\\"><span class=\\"text-ellipsis\\">No</span></span><span role=\\"cell\\" part=\\"cell\\" class=\\"ids-data-grid-cell\\" aria-colindex=\\"12\\"><span class=\\"text-ellipsis\\">No</span></span><span role=\\"cell\\" part=\\"cell\\" class=\\"ids-data-grid-cell\\" aria-colindex=\\"13\\"><span class=\\"text-ellipsis\\">Asset Label</span></span></div><div role=\\"row\\" part=\\"row\\" aria-rowindex=\\"5\\" class=\\"ids-data-grid-row\\"><span role=\\"cell\\" part=\\"cell\\" class=\\"ids-data-grid-cell\\" aria-colindex=\\"1\\"><span class=\\"text-ellipsis\\"></span></span><span role=\\"cell\\" part=\\"cell\\" class=\\"ids-data-grid-cell\\" aria-colindex=\\"2\\"><span class=\\"text-ellipsis\\">105</span></span><span role=\\"cell\\" part=\\"cell\\" class=\\"ids-data-grid-cell\\" aria-colindex=\\"3\\"><span class=\\"text-ellipsis\\">105</span></span><span role=\\"cell\\" part=\\"cell\\" class=\\"ids-data-grid-cell\\" aria-colindex=\\"4\\"><span class=\\"text-ellipsis\\">CORE</span></span><span role=\\"cell\\" part=\\"cell\\" class=\\"ids-data-grid-cell\\" aria-colindex=\\"5\\"><span class=\\"text-ellipsis\\">USD</span></span><span role=\\"cell\\" part=\\"cell\\" class=\\"ids-data-grid-cell\\" aria-colindex=\\"6\\"><span class=\\"text-ellipsis\\">Book</span></span><span role=\\"cell\\" part=\\"cell\\" class=\\"ids-data-grid-cell\\" aria-colindex=\\"7\\"><span class=\\"text-ellipsis\\">No</span></span><span role=\\"cell\\" part=\\"cell\\" class=\\"ids-data-grid-cell\\" aria-colindex=\\"8\\"><span class=\\"text-ellipsis\\">Yes</span></span><span role=\\"cell\\" part=\\"cell\\" class=\\"ids-data-grid-cell\\" aria-colindex=\\"9\\"><span class=\\"text-ellipsis\\">Full Month</span></span><span role=\\"cell\\" part=\\"cell\\" class=\\"ids-data-grid-cell\\" aria-colindex=\\"10\\"><span class=\\"text-ellipsis\\">Yes</span></span><span role=\\"cell\\" part=\\"cell\\" class=\\"ids-data-grid-cell\\" aria-colindex=\\"11\\"><span class=\\"text-ellipsis\\">No</span></span><span role=\\"cell\\" part=\\"cell\\" class=\\"ids-data-grid-cell\\" aria-colindex=\\"12\\"><span class=\\"text-ellipsis\\">Yes</span></span><span role=\\"cell\\" part=\\"cell\\" class=\\"ids-data-grid-cell\\" aria-colindex=\\"13\\"><span class=\\"text-ellipsis\\">Asset Label</span></span></div><div role=\\"row\\" part=\\"row\\" aria-rowindex=\\"6\\" class=\\"ids-data-grid-row\\"><span role=\\"cell\\" part=\\"cell\\" class=\\"ids-data-grid-cell\\" aria-colindex=\\"1\\"><span class=\\"text-ellipsis\\"></span></span><span role=\\"cell\\" part=\\"cell\\" class=\\"ids-data-grid-cell\\" aria-colindex=\\"2\\"><span class=\\"text-ellipsis\\">106</span></span><span role=\\"cell\\" part=\\"cell\\" class=\\"ids-data-grid-cell\\" aria-colindex=\\"3\\"><span class=\\"text-ellipsis\\">106</span></span><span role=\\"cell\\" part=\\"cell\\" class=\\"ids-data-grid-cell\\" aria-colindex=\\"4\\"><span class=\\"text-ellipsis\\">CORE</span></span><span role=\\"cell\\" part=\\"cell\\" class=\\"ids-data-grid-cell\\" aria-colindex=\\"5\\"><span class=\\"text-ellipsis\\">USD</span></span><span role=\\"cell\\" part=\\"cell\\" class=\\"ids-data-grid-cell\\" aria-colindex=\\"6\\"><span class=\\"text-ellipsis\\">Book</span></span><span role=\\"cell\\" part=\\"cell\\" class=\\"ids-data-grid-cell\\" aria-colindex=\\"7\\"><span class=\\"text-ellipsis\\">Yes</span></span><span role=\\"cell\\" part=\\"cell\\" class=\\"ids-data-grid-cell\\" aria-colindex=\\"8\\"><span class=\\"text-ellipsis\\">Yes</span></span><span role=\\"cell\\" part=\\"cell\\" class=\\"ids-data-grid-cell\\" aria-colindex=\\"9\\"><span class=\\"text-ellipsis\\">Full Month</span></span><span role=\\"cell\\" part=\\"cell\\" class=\\"ids-data-grid-cell\\" aria-colindex=\\"10\\"><span class=\\"text-ellipsis\\">No</span></span><span role=\\"cell\\" part=\\"cell\\" class=\\"ids-data-grid-cell\\" aria-colindex=\\"11\\"><span class=\\"text-ellipsis\\">No</span></span><span role=\\"cell\\" part=\\"cell\\" class=\\"ids-data-grid-cell\\" aria-colindex=\\"12\\"><span class=\\"text-ellipsis\\">No</span></span><span role=\\"cell\\" part=\\"cell\\" class=\\"ids-data-grid-cell\\" aria-colindex=\\"13\\"><span class=\\"text-ellipsis\\">Asset Label</span></span></div><div role=\\"row\\" part=\\"row\\" aria-rowindex=\\"7\\" class=\\"ids-data-grid-row\\"><span role=\\"cell\\" part=\\"cell\\" class=\\"ids-data-grid-cell\\" aria-colindex=\\"1\\"><span class=\\"text-ellipsis\\"></span></span><span role=\\"cell\\" part=\\"cell\\" class=\\"ids-data-grid-cell\\" aria-colindex=\\"2\\"><span class=\\"text-ellipsis\\">107</span></span><span role=\\"cell\\" part=\\"cell\\" class=\\"ids-data-grid-cell\\" aria-colindex=\\"3\\"><span class=\\"text-ellipsis\\">107</span></span><span role=\\"cell\\" part=\\"cell\\" class=\\"ids-data-grid-cell\\" aria-colindex=\\"4\\"><span class=\\"text-ellipsis\\">CORE</span></span><span role=\\"cell\\" part=\\"cell\\" class=\\"ids-data-grid-cell\\" aria-colindex=\\"5\\"><span class=\\"text-ellipsis\\">USD</span></span><span role=\\"cell\\" part=\\"cell\\" class=\\"ids-data-grid-cell\\" aria-colindex=\\"6\\"><span class=\\"text-ellipsis\\">Book</span></span><span role=\\"cell\\" part=\\"cell\\" class=\\"ids-data-grid-cell\\" aria-colindex=\\"7\\"><span class=\\"text-ellipsis\\">Yes</span></span><span role=\\"cell\\" part=\\"cell\\" class=\\"ids-data-grid-cell\\" aria-colindex=\\"8\\"><span class=\\"text-ellipsis\\">Yes</span></span><span role=\\"cell\\" part=\\"cell\\" class=\\"ids-data-grid-cell\\" aria-colindex=\\"9\\"><span class=\\"text-ellipsis\\">Full Month</span></span><span role=\\"cell\\" part=\\"cell\\" class=\\"ids-data-grid-cell\\" aria-colindex=\\"10\\"><span class=\\"text-ellipsis\\">No</span></span><span role=\\"cell\\" part=\\"cell\\" class=\\"ids-data-grid-cell\\" aria-colindex=\\"11\\"><span class=\\"text-ellipsis\\">No</span></span><span role=\\"cell\\" part=\\"cell\\" class=\\"ids-data-grid-cell\\" aria-colindex=\\"12\\"><span class=\\"text-ellipsis\\">No</span></span><span role=\\"cell\\" part=\\"cell\\" class=\\"ids-data-grid-cell\\" aria-colindex=\\"13\\"><span class=\\"text-ellipsis\\">Asset Label</span></span></div><div role=\\"row\\" part=\\"row\\" aria-rowindex=\\"8\\" class=\\"ids-data-grid-row\\"><span role=\\"cell\\" part=\\"cell\\" class=\\"ids-data-grid-cell\\" aria-colindex=\\"1\\"><span class=\\"text-ellipsis\\"></span></span><span role=\\"cell\\" part=\\"cell\\" class=\\"ids-data-grid-cell\\" aria-colindex=\\"2\\"><span class=\\"text-ellipsis\\">108</span></span><span role=\\"cell\\" part=\\"cell\\" class=\\"ids-data-grid-cell\\" aria-colindex=\\"3\\"><span class=\\"text-ellipsis\\">108</span></span><span role=\\"cell\\" part=\\"cell\\" class=\\"ids-data-grid-cell\\" aria-colindex=\\"4\\"><span class=\\"text-ellipsis\\"></span></span><span role=\\"cell\\" part=\\"cell\\" class=\\"ids-data-grid-cell\\" aria-colindex=\\"5\\"><span class=\\"text-ellipsis\\">USD</span></span><span role=\\"cell\\" part=\\"cell\\" class=\\"ids-data-grid-cell\\" aria-colindex=\\"6\\"><span class=\\"text-ellipsis\\">Book</span></span><span role=\\"cell\\" part=\\"cell\\" class=\\"ids-data-grid-cell\\" aria-colindex=\\"7\\"><span class=\\"text-ellipsis\\">No</span></span><span role=\\"cell\\" part=\\"cell\\" class=\\"ids-data-grid-cell\\" aria-colindex=\\"8\\"><span class=\\"text-ellipsis\\">Yes</span></span><span role=\\"cell\\" part=\\"cell\\" class=\\"ids-data-grid-cell\\" aria-colindex=\\"9\\"><span class=\\"text-ellipsis\\">Full Month</span></span><span role=\\"cell\\" part=\\"cell\\" class=\\"ids-data-grid-cell\\" aria-colindex=\\"10\\"><span class=\\"text-ellipsis\\">No</span></span><span role=\\"cell\\" part=\\"cell\\" class=\\"ids-data-grid-cell\\" aria-colindex=\\"11\\"><span class=\\"text-ellipsis\\">Yes</span></span><span role=\\"cell\\" part=\\"cell\\" class=\\"ids-data-grid-cell\\" aria-colindex=\\"12\\"><span class=\\"text-ellipsis\\">Yes</span></span><span role=\\"cell\\" part=\\"cell\\" class=\\"ids-data-grid-cell\\" aria-colindex=\\"13\\"><span class=\\"text-ellipsis\\">Asset Label</span></span></div><div role=\\"row\\" part=\\"row\\" aria-rowindex=\\"9\\" class=\\"ids-data-grid-row\\"><span role=\\"cell\\" part=\\"cell\\" class=\\"ids-data-grid-cell\\" aria-colindex=\\"1\\"><span class=\\"text-ellipsis\\"></span></span><span role=\\"cell\\" part=\\"cell\\" class=\\"ids-data-grid-cell\\" aria-colindex=\\"2\\"><span class=\\"text-ellipsis\\">109</span></span><span role=\\"cell\\" part=\\"cell\\" class=\\"ids-data-grid-cell\\" aria-colindex=\\"3\\"><span class=\\"text-ellipsis\\">109</span></span><span role=\\"cell\\" part=\\"cell\\" class=\\"ids-data-grid-cell\\" aria-colindex=\\"4\\"><span class=\\"text-ellipsis\\"></span></span><span role=\\"cell\\" part=\\"cell\\" class=\\"ids-data-grid-cell\\" aria-colindex=\\"5\\"><span class=\\"text-ellipsis\\">USD</span></span><span role=\\"cell\\" part=\\"cell\\" class=\\"ids-data-grid-cell\\" aria-colindex=\\"6\\"><span class=\\"text-ellipsis\\">Book</span></span><span role=\\"cell\\" part=\\"cell\\" class=\\"ids-data-grid-cell\\" aria-colindex=\\"7\\"><span class=\\"text-ellipsis\\">No</span></span><span role=\\"cell\\" part=\\"cell\\" class=\\"ids-data-grid-cell\\" aria-colindex=\\"8\\"><span class=\\"text-ellipsis\\">Yes</span></span><span role=\\"cell\\" part=\\"cell\\" class=\\"ids-data-grid-cell\\" aria-colindex=\\"9\\"><span class=\\"text-ellipsis\\">Full Month</span></span><span role=\\"cell\\" part=\\"cell\\" class=\\"ids-data-grid-cell\\" aria-colindex=\\"10\\"><span class=\\"text-ellipsis\\">Yes</span></span><span role=\\"cell\\" part=\\"cell\\" class=\\"ids-data-grid-cell\\" aria-colindex=\\"11\\"><span class=\\"text-ellipsis\\">No</span></span><span role=\\"cell\\" part=\\"cell\\" class=\\"ids-data-grid-cell\\" aria-colindex=\\"12\\"><span class=\\"text-ellipsis\\">No</span></span><span role=\\"cell\\" part=\\"cell\\" class=\\"ids-data-grid-cell\\" aria-colindex=\\"13\\"><span class=\\"text-ellipsis\\">Asset Label</span></span></div></div></div>
      </div>"
`;
