<button part="button" type="button" class="hide-focus btn-primary ids-button" tabindex="0" aria-label="Button label">
      <slot></slot>
      <slot name="loading-indicator"></slot>
    </button>