// Jest Snapshot v1, https://goo.gl/fbAQLP

exports[`IdsThemeSwitcher Component renders correctly 1`] = `
"<ids-menu-button id=\\"ids-theme-switcher\\" menu=\\"ids-theme-menu\\" mode=\\"light\\" version=\\"new\\" aria-controls=\\"ids-theme-menu\\">
            <ids-icon slot=\\"icon\\" icon=\\"more\\"></ids-icon>
            <span class=\\"audible\\">Theme Switcher</span>
        </ids-menu-button><ids-popup-menu id=\\"ids-theme-menu\\" target=\\"#ids-theme-switcher\\" trigger=\\"click\\" mode=\\"light\\" version=\\"new\\" hidden=\\"\\">
        <ids-menu-group>
    <ids-menu-item mode=\\"light\\" version=\\"new\\">
        undefined
        <ids-popup-menu slot=\\"submenu\\" mode=\\"light\\" version=\\"new\\" hidden=\\"\\">
          <ids-menu-group select=\\"single\\">
            <ids-menu-item selected=\\"true\\" value=\\"light\\" mode=\\"light\\" version=\\"new\\">undefined</ids-menu-item>
            <ids-menu-item value=\\"dark\\" mode=\\"light\\" version=\\"new\\">undefined</ids-menu-item>
            <ids-menu-item value=\\"contrast\\" mode=\\"light\\" version=\\"new\\">undefined</ids-menu-item>
          </ids-menu-group>
        </ids-popup-menu>
      </ids-menu-item>
      <ids-menu-item mode=\\"light\\" version=\\"new\\">
        undefined
        <ids-popup-menu slot=\\"submenu\\" mode=\\"light\\" version=\\"new\\" hidden=\\"\\">
          <ids-menu-group select=\\"single\\" id=\\"locale-menu\\">
            <ids-menu-item selected=\\"true\\" value=\\"en-US\\" mode=\\"light\\" version=\\"new\\">undefined (en-US)</ids-menu-item>
            <ids-menu-item value=\\"de-DE\\" mode=\\"light\\" version=\\"new\\">undefined (de-DE)</ids-menu-item>
            <ids-menu-item value=\\"uk-UA\\" mode=\\"light\\" version=\\"new\\">undefined (uk-UA)</ids-menu-item>
            <ids-menu-item value=\\"bg-BG\\" mode=\\"light\\" version=\\"new\\">undefined (bg-BG)</ids-menu-item>
            <ids-menu-item value=\\"he-IL\\" mode=\\"light\\" version=\\"new\\">undefined (he-IL)</ids-menu-item>
            <ids-menu-item value=\\"ar-EG\\" mode=\\"light\\" version=\\"new\\">undefined (ar-EG)</ids-menu-item>
            <ids-menu-item value=\\"th-TH\\" mode=\\"light\\" version=\\"new\\">undefined (th-TH)</ids-menu-item>
            <ids-menu-item value=\\"zh-Hans\\" mode=\\"light\\" version=\\"new\\">undefined (zh-Hans)</ids-menu-item>
          </ids-menu-group>
        </ids-popup-menu>
      </ids-menu-item>
    </ids-menu-group></ids-popup-menu>"
`;
