// Jest Snapshot v1, https://goo.gl/fbAQLP

exports[`IdsAbout Component (using properties) should render 1`] = `
"<ids-about id=\\"test-about-component\\" product-version=\\"4.0.0\\" product-name=\\"Controls\\" copyright-year=\\"2022\\" device-specs=\\"true\\" use-default-copyright=\\"true\\" aria-label=\\" Controls 4.0.0\\" role=\\"dialog\\"><ids-text slot=\\"product\\" type=\\"p\\">Controls 4.0.0</ids-text><ids-modal-button cancel=\\"\\" slot=\\"buttons\\" type=\\"tertiary\\" css-class=\\"ids-icon-button ids-modal-icon-button\\"><span class=\\"audible\\">Close modal</span><ids-icon slot=\\"icon\\" icon=\\"close\\"></ids-icon></ids-modal-button><ids-text slot=\\"device\\" type=\\"p\\">
        <span>Platform : </span><br>
        <span>Mobile : false</span><br>
        <span>Browser :  jsdom (19.0.0)</span><br>
        <span>Locale : en-US</span><br>
        <span>Language : en</span><br>
        <span>Browser Language : en-US</span><br>
        <span>IDS Version : 0.0.0-beta.22</span>
      </ids-text><ids-text slot=\\"copyright\\" type=\\"p\\">Copyright © 2022 Infor. All rights reserved. The word and design marks set forth herein are trademarks and/or registered trademarks of Infor and/or its affiliates and subsidiaries. All other trademarks listed herein are the property of their respective owners <ids-hyperlink target=\\"_blank\\" href=\\"https://www.infor.com\\" role=\\"link\\">www.infor.com</ids-hyperlink>.</ids-text></ids-about>"
`;

exports[`IdsAbout Component (using properties) should render 2`] = `
"<ids-about id=\\"test-about-component\\" product-version=\\"4.0.0\\" product-name=\\"Controls\\" copyright-year=\\"2022\\" device-specs=\\"true\\" use-default-copyright=\\"true\\" aria-label=\\" Controls 4.0.0\\" role=\\"dialog\\" visible=\\"\\" style=\\"z-index: 1020;\\" captures-focus=\\"true\\"><ids-text slot=\\"product\\" type=\\"p\\">Controls 4.0.0</ids-text><ids-modal-button cancel=\\"\\" slot=\\"buttons\\" type=\\"tertiary\\" css-class=\\"ids-icon-button ids-modal-icon-button\\"><span class=\\"audible\\">Close modal</span><ids-icon slot=\\"icon\\" icon=\\"close\\"></ids-icon></ids-modal-button><ids-text slot=\\"device\\" type=\\"p\\">
        <span>Platform : </span><br>
        <span>Mobile : false</span><br>
        <span>Browser :  jsdom (19.0.0)</span><br>
        <span>Locale : en-US</span><br>
        <span>Language : en</span><br>
        <span>Browser Language : en-US</span><br>
        <span>IDS Version : 0.0.0-beta.22</span>
      </ids-text><ids-text slot=\\"copyright\\" type=\\"p\\">Copyright © 2022 Infor. All rights reserved. The word and design marks set forth herein are trademarks and/or registered trademarks of Infor and/or its affiliates and subsidiaries. All other trademarks listed herein are the property of their respective owners <ids-hyperlink target=\\"_blank\\" href=\\"https://www.infor.com\\" role=\\"link\\">www.infor.com</ids-hyperlink>.</ids-text></ids-about>"
`;

exports[`IdsAbout Component (using properties) should render 3`] = `
"<ids-about id=\\"test-about-component\\" product-version=\\"4.0.0\\" product-name=\\"Controls\\" copyright-year=\\"2022\\" device-specs=\\"true\\" use-default-copyright=\\"true\\" aria-label=\\" Controls 4.0.0\\" role=\\"dialog\\" style=\\"z-index: 1020;\\" captures-focus=\\"true\\"><ids-text slot=\\"product\\" type=\\"p\\">Controls 4.0.0</ids-text><ids-modal-button cancel=\\"\\" slot=\\"buttons\\" type=\\"tertiary\\" css-class=\\"ids-icon-button ids-modal-icon-button\\"><span class=\\"audible\\">Close modal</span><ids-icon slot=\\"icon\\" icon=\\"close\\"></ids-icon></ids-modal-button><ids-text slot=\\"device\\" type=\\"p\\">
        <span>Platform : </span><br>
        <span>Mobile : false</span><br>
        <span>Browser :  jsdom (19.0.0)</span><br>
        <span>Locale : en-US</span><br>
        <span>Language : en</span><br>
        <span>Browser Language : en-US</span><br>
        <span>IDS Version : 0.0.0-beta.22</span>
      </ids-text><ids-text slot=\\"copyright\\" type=\\"p\\">Copyright © 2022 Infor. All rights reserved. The word and design marks set forth herein are trademarks and/or registered trademarks of Infor and/or its affiliates and subsidiaries. All other trademarks listed herein are the property of their respective owners <ids-hyperlink target=\\"_blank\\" href=\\"https://www.infor.com\\" role=\\"link\\">www.infor.com</ids-hyperlink>.</ids-text></ids-about>"
`;
